
> frontend@0.0.0 build
> tsc -b && vite build --clearScreen false

src/hooks/__tests__/useHealthEvents.test.tsx(17,7): error TS2353: Object literal may only specify known properties, and 'description' does not exist in type 'HealthEvent'.
src/hooks/__tests__/useStockItems.test.tsx(15,7): error TS2322: Type 'number' is not assignable to type 'string'.
src/pages/__tests__/LoginPage.test.tsx(24,35): error TS2345: Argument of type '{ tokens: {}; authenticated: false; login: Mock<Procedure>; logout: Mock<Procedure>; }' is not assignable to parameter of type 'AuthContextValue'.
  Property 'register' is missing in type '{ tokens: {}; authenticated: false; login: Mock<Procedure>; logout: Mock<Procedure>; }' but required in type 'AuthContextValue'.
src/pages/__tests__/LoginPage.test.tsx(42,35): error TS2345: Argument of type '{ tokens: {}; authenticated: false; login: Mock<Procedure>; logout: Mock<Procedure>; }' is not assignable to parameter of type 'AuthContextValue'.
  Property 'register' is missing in type '{ tokens: {}; authenticated: false; login: Mock<Procedure>; logout: Mock<Procedure>; }' but required in type 'AuthContextValue'.
src/pages/__tests__/LotsPage.test.tsx(30,35): error TS2345: Argument of type '{ data: never[]; loading: true; error: string; }' is not assignable to parameter of type '{ data: Lot[]; loading: boolean; error: string; create: (payload: CreateLotPayload) => Promise<{ success: true; lot: Lot; error?: undefined; } | { success: false; error: string; lot?: undefined; }>; creating: boolean; }'.
  Type '{ data: never[]; loading: true; error: string; }' is missing the following properties from type '{ data: Lot[]; loading: boolean; error: string; create: (payload: CreateLotPayload) => Promise<{ success: true; lot: Lot; error?: undefined; } | { success: false; error: string; lot?: undefined; }>; creating: boolean; }': create, creating
src/pages/__tests__/LotsPage.test.tsx(31,36): error TS2345: Argument of type '{ data: never[]; loading: false; error: string; }' is not assignable to parameter of type '{ data: Unit[]; loading: boolean; error: string; create: (payload: CreateUnitPayload) => Promise<{ success: true; unit: Unit; error?: undefined; } | { success: false; error: string; unit?: undefined; }>; creating: boolean; }'.
  Type '{ data: never[]; loading: false; error: string; }' is missing the following properties from type '{ data: Unit[]; loading: boolean; error: string; create: (payload: CreateUnitPayload) => Promise<{ success: true; unit: Unit; error?: undefined; } | { success: false; error: string; unit?: undefined; }>; creating: boolean; }': create, creating
src/pages/__tests__/LotsPage.test.tsx(41,35): error TS2345: Argument of type '{ data: never[]; loading: false; error: string; }' is not assignable to parameter of type '{ data: Lot[]; loading: boolean; error: string; create: (payload: CreateLotPayload) => Promise<{ success: true; lot: Lot; error?: undefined; } | { success: false; error: string; lot?: undefined; }>; creating: boolean; }'.
  Type '{ data: never[]; loading: false; error: string; }' is missing the following properties from type '{ data: Lot[]; loading: boolean; error: string; create: (payload: CreateLotPayload) => Promise<{ success: true; lot: Lot; error?: undefined; } | { success: false; error: string; lot?: undefined; }>; creating: boolean; }': create, creating
src/pages/__tests__/LotsPage.test.tsx(42,36): error TS2345: Argument of type '{ data: never[]; loading: false; error: string; }' is not assignable to parameter of type '{ data: Unit[]; loading: boolean; error: string; create: (payload: CreateUnitPayload) => Promise<{ success: true; unit: Unit; error?: undefined; } | { success: false; error: string; unit?: undefined; }>; creating: boolean; }'.
  Type '{ data: never[]; loading: false; error: string; }' is missing the following properties from type '{ data: Unit[]; loading: boolean; error: string; create: (payload: CreateUnitPayload) => Promise<{ success: true; unit: Unit; error?: undefined; } | { success: false; error: string; unit?: undefined; }>; creating: boolean; }': create, creating
src/pages/__tests__/LotsPage.test.tsx(51,35): error TS2345: Argument of type '{ data: never[]; loading: false; error: string; }' is not assignable to parameter of type '{ data: Lot[]; loading: boolean; error: string; create: (payload: CreateLotPayload) => Promise<{ success: true; lot: Lot; error?: undefined; } | { success: false; error: string; lot?: undefined; }>; creating: boolean; }'.
  Type '{ data: never[]; loading: false; error: string; }' is missing the following properties from type '{ data: Lot[]; loading: boolean; error: string; create: (payload: CreateLotPayload) => Promise<{ success: true; lot: Lot; error?: undefined; } | { success: false; error: string; lot?: undefined; }>; creating: boolean; }': create, creating
src/pages/__tests__/LotsPage.test.tsx(52,36): error TS2345: Argument of type '{ data: never[]; loading: false; error: string; }' is not assignable to parameter of type '{ data: Unit[]; loading: boolean; error: string; create: (payload: CreateUnitPayload) => Promise<{ success: true; unit: Unit; error?: undefined; } | { success: false; error: string; unit?: undefined; }>; creating: boolean; }'.
  Type '{ data: never[]; loading: false; error: string; }' is missing the following properties from type '{ data: Unit[]; loading: boolean; error: string; create: (payload: CreateUnitPayload) => Promise<{ success: true; unit: Unit; error?: undefined; } | { success: false; error: string; unit?: undefined; }>; creating: boolean; }': create, creating
src/pages/__tests__/LotsPage.test.tsx(61,35): error TS2345: Argument of type '{ data: { id: string; unit: string; species: string; code: string; entry_date: string; initial_count: number; status: "active"; }[]; loading: false; error: string; }' is not assignable to parameter of type '{ data: Lot[]; loading: boolean; error: string; create: (payload: CreateLotPayload) => Promise<{ success: true; lot: Lot; error?: undefined; } | { success: false; error: string; lot?: undefined; }>; creating: boolean; }'.
  Type '{ data: { id: string; unit: string; species: string; code: string; entry_date: string; initial_count: number; status: "active"; }[]; loading: false; error: string; }' is missing the following properties from type '{ data: Lot[]; loading: boolean; error: string; create: (payload: CreateLotPayload) => Promise<{ success: true; lot: Lot; error?: undefined; } | { success: false; error: string; lot?: undefined; }>; creating: boolean; }': create, creating
src/pages/__tests__/LotsPage.test.tsx(68,36): error TS2345: Argument of type '{ data: { id: string; farm: string; species: string; name: string; capacity: number; }[]; loading: false; error: string; }' is not assignable to parameter of type '{ data: Unit[]; loading: boolean; error: string; create: (payload: CreateUnitPayload) => Promise<{ success: true; unit: Unit; error?: undefined; } | { success: false; error: string; unit?: undefined; }>; creating: boolean; }'.
  Type '{ data: { id: string; farm: string; species: string; name: string; capacity: number; }[]; loading: false; error: string; }' is missing the following properties from type '{ data: Unit[]; loading: boolean; error: string; create: (payload: CreateUnitPayload) => Promise<{ success: true; unit: Unit; error?: undefined; } | { success: false; error: string; unit?: undefined; }>; creating: boolean; }': create, creating
src/pages/__tests__/LotsPage.test.tsx(88,35): error TS2345: Argument of type '{ data: ({ id: string; unit: string; species: string; code: string; entry_date: string; initial_count: number; status: "active"; } | { id: string; unit: string; species: string; code: string; entry_date: string; initial_count: number; status: "closed"; })[]; loading: false; error: string; }' is not assignable to parameter of type '{ data: Lot[]; loading: boolean; error: string; create: (payload: CreateLotPayload) => Promise<{ success: true; lot: Lot; error?: undefined; } | { success: false; error: string; lot?: undefined; }>; creating: boolean; }'.
  Type '{ data: ({ id: string; unit: string; species: string; code: string; entry_date: string; initial_count: number; status: "active"; } | { id: string; unit: string; species: string; code: string; entry_date: string; initial_count: number; status: "closed"; })[]; loading: false; error: string; }' is missing the following properties from type '{ data: Lot[]; loading: boolean; error: string; create: (payload: CreateLotPayload) => Promise<{ success: true; lot: Lot; error?: undefined; } | { success: false; error: string; lot?: undefined; }>; creating: boolean; }': create, creating
src/pages/__tests__/LotsPage.test.tsx(96,36): error TS2345: Argument of type '{ data: { id: string; farm: string; species: string; name: string; capacity: number; }[]; loading: false; error: string; }' is not assignable to parameter of type '{ data: Unit[]; loading: boolean; error: string; create: (payload: CreateUnitPayload) => Promise<{ success: true; unit: Unit; error?: undefined; } | { success: false; error: string; unit?: undefined; }>; creating: boolean; }'.
  Type '{ data: { id: string; farm: string; species: string; name: string; capacity: number; }[]; loading: false; error: string; }' is missing the following properties from type '{ data: Unit[]; loading: boolean; error: string; create: (payload: CreateUnitPayload) => Promise<{ success: true; unit: Unit; error?: undefined; } | { success: false; error: string; unit?: undefined; }>; creating: boolean; }': create, creating
src/pages/__tests__/SantePage.test.tsx(37,35): error TS2345: Argument of type '{ data: never[]; loading: false; error: string; }' is not assignable to parameter of type '{ data: Lot[]; loading: boolean; error: string; create: (payload: CreateLotPayload) => Promise<{ success: true; lot: Lot; error?: undefined; } | { success: false; error: string; lot?: undefined; }>; creating: boolean; }'.
  Type '{ data: never[]; loading: false; error: string; }' is missing the following properties from type '{ data: Lot[]; loading: boolean; error: string; create: (payload: CreateLotPayload) => Promise<{ success: true; lot: Lot; error?: undefined; } | { success: false; error: string; lot?: undefined; }>; creating: boolean; }': create, creating
src/pages/__tests__/SantePage.test.tsx(38,36): error TS2345: Argument of type '{ data: never[]; loading: false; error: string; }' is not assignable to parameter of type '{ data: Unit[]; loading: boolean; error: string; create: (payload: CreateUnitPayload) => Promise<{ success: true; unit: Unit; error?: undefined; } | { success: false; error: string; unit?: undefined; }>; creating: boolean; }'.
  Type '{ data: never[]; loading: false; error: string; }' is missing the following properties from type '{ data: Unit[]; loading: boolean; error: string; create: (payload: CreateUnitPayload) => Promise<{ success: true; unit: Unit; error?: undefined; } | { success: false; error: string; unit?: undefined; }>; creating: boolean; }': create, creating
src/pages/__tests__/SantePage.test.tsx(49,35): error TS2345: Argument of type '{ data: never[]; loading: false; error: string; }' is not assignable to parameter of type '{ data: Lot[]; loading: boolean; error: string; create: (payload: CreateLotPayload) => Promise<{ success: true; lot: Lot; error?: undefined; } | { success: false; error: string; lot?: undefined; }>; creating: boolean; }'.
  Type '{ data: never[]; loading: false; error: string; }' is missing the following properties from type '{ data: Lot[]; loading: boolean; error: string; create: (payload: CreateLotPayload) => Promise<{ success: true; lot: Lot; error?: undefined; } | { success: false; error: string; lot?: undefined; }>; creating: boolean; }': create, creating
src/pages/__tests__/SantePage.test.tsx(50,36): error TS2345: Argument of type '{ data: never[]; loading: false; error: string; }' is not assignable to parameter of type '{ data: Unit[]; loading: boolean; error: string; create: (payload: CreateUnitPayload) => Promise<{ success: true; unit: Unit; error?: undefined; } | { success: false; error: string; unit?: undefined; }>; creating: boolean; }'.
  Type '{ data: never[]; loading: false; error: string; }' is missing the following properties from type '{ data: Unit[]; loading: boolean; error: string; create: (payload: CreateUnitPayload) => Promise<{ success: true; unit: Unit; error?: undefined; } | { success: false; error: string; unit?: undefined; }>; creating: boolean; }': create, creating
src/pages/__tests__/SantePage.test.tsx(60,35): error TS2345: Argument of type '{ data: never[]; loading: false; error: string; }' is not assignable to parameter of type '{ data: Lot[]; loading: boolean; error: string; create: (payload: CreateLotPayload) => Promise<{ success: true; lot: Lot; error?: undefined; } | { success: false; error: string; lot?: undefined; }>; creating: boolean; }'.
  Type '{ data: never[]; loading: false; error: string; }' is missing the following properties from type '{ data: Lot[]; loading: boolean; error: string; create: (payload: CreateLotPayload) => Promise<{ success: true; lot: Lot; error?: undefined; } | { success: false; error: string; lot?: undefined; }>; creating: boolean; }': create, creating
src/pages/__tests__/SantePage.test.tsx(61,36): error TS2345: Argument of type '{ data: never[]; loading: false; error: string; }' is not assignable to parameter of type '{ data: Unit[]; loading: boolean; error: string; create: (payload: CreateUnitPayload) => Promise<{ success: true; unit: Unit; error?: undefined; } | { success: false; error: string; unit?: undefined; }>; creating: boolean; }'.
  Type '{ data: never[]; loading: false; error: string; }' is missing the following properties from type '{ data: Unit[]; loading: boolean; error: string; create: (payload: CreateUnitPayload) => Promise<{ success: true; unit: Unit; error?: undefined; } | { success: false; error: string; unit?: undefined; }>; creating: boolean; }': create, creating
src/pages/__tests__/SantePage.test.tsx(86,35): error TS2345: Argument of type '{ data: { id: string; unit: string; species: string; code: string; entry_date: string; initial_count: number; status: "active"; }[]; loading: false; error: string; }' is not assignable to parameter of type '{ data: Lot[]; loading: boolean; error: string; create: (payload: CreateLotPayload) => Promise<{ success: true; lot: Lot; error?: undefined; } | { success: false; error: string; lot?: undefined; }>; creating: boolean; }'.
  Type '{ data: { id: string; unit: string; species: string; code: string; entry_date: string; initial_count: number; status: "active"; }[]; loading: false; error: string; }' is missing the following properties from type '{ data: Lot[]; loading: boolean; error: string; create: (payload: CreateLotPayload) => Promise<{ success: true; lot: Lot; error?: undefined; } | { success: false; error: string; lot?: undefined; }>; creating: boolean; }': create, creating
src/pages/__tests__/SantePage.test.tsx(91,36): error TS2345: Argument of type '{ data: { id: string; farm: string; species: string; name: string; capacity: number; }[]; loading: false; error: string; }' is not assignable to parameter of type '{ data: Unit[]; loading: boolean; error: string; create: (payload: CreateUnitPayload) => Promise<{ success: true; unit: Unit; error?: undefined; } | { success: false; error: string; unit?: undefined; }>; creating: boolean; }'.
  Type '{ data: { id: string; farm: string; species: string; name: string; capacity: number; }[]; loading: false; error: string; }' is missing the following properties from type '{ data: Unit[]; loading: boolean; error: string; create: (payload: CreateUnitPayload) => Promise<{ success: true; unit: Unit; error?: undefined; } | { success: false; error: string; unit?: undefined; }>; creating: boolean; }': create, creating
src/pages/__tests__/SantePage.test.tsx(121,35): error TS2345: Argument of type '{ data: { id: string; unit: string; species: string; code: string; entry_date: string; initial_count: number; status: "active"; }[]; loading: false; error: string; }' is not assignable to parameter of type '{ data: Lot[]; loading: boolean; error: string; create: (payload: CreateLotPayload) => Promise<{ success: true; lot: Lot; error?: undefined; } | { success: false; error: string; lot?: undefined; }>; creating: boolean; }'.
  Type '{ data: { id: string; unit: string; species: string; code: string; entry_date: string; initial_count: number; status: "active"; }[]; loading: false; error: string; }' is missing the following properties from type '{ data: Lot[]; loading: boolean; error: string; create: (payload: CreateLotPayload) => Promise<{ success: true; lot: Lot; error?: undefined; } | { success: false; error: string; lot?: undefined; }>; creating: boolean; }': create, creating
src/pages/__tests__/SantePage.test.tsx(129,36): error TS2345: Argument of type '{ data: { id: string; farm: string; species: string; name: string; capacity: number; }[]; loading: false; error: string; }' is not assignable to parameter of type '{ data: Unit[]; loading: boolean; error: string; create: (payload: CreateUnitPayload) => Promise<{ success: true; unit: Unit; error?: undefined; } | { success: false; error: string; unit?: undefined; }>; creating: boolean; }'.
  Type '{ data: { id: string; farm: string; species: string; name: string; capacity: number; }[]; loading: false; error: string; }' is missing the following properties from type '{ data: Unit[]; loading: boolean; error: string; create: (payload: CreateUnitPayload) => Promise<{ success: true; unit: Unit; error?: undefined; } | { success: false; error: string; unit?: undefined; }>; creating: boolean; }': create, creating
src/pages/__tests__/SantePage.test.tsx(168,35): error TS2345: Argument of type '{ data: { id: string; unit: string; species: string; code: string; entry_date: string; initial_count: number; status: "active"; }[]; loading: false; error: string; }' is not assignable to parameter of type '{ data: Lot[]; loading: boolean; error: string; create: (payload: CreateLotPayload) => Promise<{ success: true; lot: Lot; error?: undefined; } | { success: false; error: string; lot?: undefined; }>; creating: boolean; }'.
  Type '{ data: { id: string; unit: string; species: string; code: string; entry_date: string; initial_count: number; status: "active"; }[]; loading: false; error: string; }' is missing the following properties from type '{ data: Lot[]; loading: boolean; error: string; create: (payload: CreateLotPayload) => Promise<{ success: true; lot: Lot; error?: undefined; } | { success: false; error: string; lot?: undefined; }>; creating: boolean; }': create, creating
src/pages/__tests__/SantePage.test.tsx(173,36): error TS2345: Argument of type '{ data: { id: string; farm: string; species: string; name: string; capacity: number; }[]; loading: false; error: string; }' is not assignable to parameter of type '{ data: Unit[]; loading: boolean; error: string; create: (payload: CreateUnitPayload) => Promise<{ success: true; unit: Unit; error?: undefined; } | { success: false; error: string; unit?: undefined; }>; creating: boolean; }'.
  Type '{ data: { id: string; farm: string; species: string; name: string; capacity: number; }[]; loading: false; error: string; }' is missing the following properties from type '{ data: Unit[]; loading: boolean; error: string; create: (payload: CreateUnitPayload) => Promise<{ success: true; unit: Unit; error?: undefined; } | { success: false; error: string; unit?: undefined; }>; creating: boolean; }': create, creating
src/pages/__tests__/SantePage.test.tsx(211,35): error TS2345: Argument of type '{ data: { id: string; unit: string; species: string; code: string; entry_date: string; initial_count: number; status: "active"; }[]; loading: false; error: string; }' is not assignable to parameter of type '{ data: Lot[]; loading: boolean; error: string; create: (payload: CreateLotPayload) => Promise<{ success: true; lot: Lot; error?: undefined; } | { success: false; error: string; lot?: undefined; }>; creating: boolean; }'.
  Type '{ data: { id: string; unit: string; species: string; code: string; entry_date: string; initial_count: number; status: "active"; }[]; loading: false; error: string; }' is missing the following properties from type '{ data: Lot[]; loading: boolean; error: string; create: (payload: CreateLotPayload) => Promise<{ success: true; lot: Lot; error?: undefined; } | { success: false; error: string; lot?: undefined; }>; creating: boolean; }': create, creating
src/pages/__tests__/SantePage.test.tsx(219,36): error TS2345: Argument of type '{ data: { id: string; farm: string; species: string; name: string; capacity: number; }[]; loading: false; error: string; }' is not assignable to parameter of type '{ data: Unit[]; loading: boolean; error: string; create: (payload: CreateUnitPayload) => Promise<{ success: true; unit: Unit; error?: undefined; } | { success: false; error: string; unit?: undefined; }>; creating: boolean; }'.
  Type '{ data: { id: string; farm: string; species: string; name: string; capacity: number; }[]; loading: false; error: string; }' is missing the following properties from type '{ data: Unit[]; loading: boolean; error: string; create: (payload: CreateUnitPayload) => Promise<{ success: true; unit: Unit; error?: undefined; } | { success: false; error: string; unit?: undefined; }>; creating: boolean; }': create, creating
src/pages/__tests__/StockPage.test.tsx(24,41): error TS2345: Argument of type '{ data: never[]; loading: true; error: string; }' is not assignable to parameter of type '{ data: StockItem[]; loading: boolean; error: string; createItem: (payload: CreateStockItemPayload) => Promise<{ success: true; item: StockItem; error?: undefined; } | { success: false; error: string; item?: undefined; }>; creating: boolean; }'.
  Type '{ data: never[]; loading: true; error: string; }' is missing the following properties from type '{ data: StockItem[]; loading: boolean; error: string; createItem: (payload: CreateStockItemPayload) => Promise<{ success: true; item: StockItem; error?: undefined; } | { ...; }>; creating: boolean; }': createItem, creating
src/pages/__tests__/StockPage.test.tsx(34,41): error TS2345: Argument of type '{ data: never[]; loading: false; error: string; }' is not assignable to parameter of type '{ data: StockItem[]; loading: boolean; error: string; createItem: (payload: CreateStockItemPayload) => Promise<{ success: true; item: StockItem; error?: undefined; } | { success: false; error: string; item?: undefined; }>; creating: boolean; }'.
  Type '{ data: never[]; loading: false; error: string; }' is missing the following properties from type '{ data: StockItem[]; loading: boolean; error: string; createItem: (payload: CreateStockItemPayload) => Promise<{ success: true; item: StockItem; error?: undefined; } | { ...; }>; creating: boolean; }': createItem, creating
src/pages/__tests__/StockPage.test.tsx(43,41): error TS2345: Argument of type '{ data: never[]; loading: false; error: string; }' is not assignable to parameter of type '{ data: StockItem[]; loading: boolean; error: string; createItem: (payload: CreateStockItemPayload) => Promise<{ success: true; item: StockItem; error?: undefined; } | { success: false; error: string; item?: undefined; }>; creating: boolean; }'.
  Type '{ data: never[]; loading: false; error: string; }' is missing the following properties from type '{ data: StockItem[]; loading: boolean; error: string; createItem: (payload: CreateStockItemPayload) => Promise<{ success: true; item: StockItem; error?: undefined; } | { ...; }>; creating: boolean; }': createItem, creating
src/pages/__tests__/StockPage.test.tsx(52,41): error TS2345: Argument of type '{ data: { id: string; farm: string; name: string; item_type: string; quantity: number; unit: string; alert_threshold: number; }[]; loading: false; error: string; }' is not assignable to parameter of type '{ data: StockItem[]; loading: boolean; error: string; createItem: (payload: CreateStockItemPayload) => Promise<{ success: true; item: StockItem; error?: undefined; } | { success: false; error: string; item?: undefined; }>; creating: boolean; }'.
  Type '{ data: { id: string; farm: string; name: string; item_type: string; quantity: number; unit: string; alert_threshold: number; }[]; loading: false; error: string; }' is missing the following properties from type '{ data: StockItem[]; loading: boolean; error: string; createItem: (payload: CreateStockItemPayload) => Promise<{ success: true; item: StockItem; error?: undefined; } | { ...; }>; creating: boolean; }': createItem, creating
src/pages/__tests__/UnitsPage.test.tsx(30,36): error TS2345: Argument of type '{ data: never[]; loading: true; error: string; }' is not assignable to parameter of type '{ data: Unit[]; loading: boolean; error: string; create: (payload: CreateUnitPayload) => Promise<{ success: true; unit: Unit; error?: undefined; } | { success: false; error: string; unit?: undefined; }>; creating: boolean; }'.
  Type '{ data: never[]; loading: true; error: string; }' is missing the following properties from type '{ data: Unit[]; loading: boolean; error: string; create: (payload: CreateUnitPayload) => Promise<{ success: true; unit: Unit; error?: undefined; } | { success: false; error: string; unit?: undefined; }>; creating: boolean; }': create, creating
src/pages/__tests__/UnitsPage.test.tsx(41,36): error TS2345: Argument of type '{ data: never[]; loading: false; error: string; }' is not assignable to parameter of type '{ data: Unit[]; loading: boolean; error: string; create: (payload: CreateUnitPayload) => Promise<{ success: true; unit: Unit; error?: undefined; } | { success: false; error: string; unit?: undefined; }>; creating: boolean; }'.
  Type '{ data: never[]; loading: false; error: string; }' is missing the following properties from type '{ data: Unit[]; loading: boolean; error: string; create: (payload: CreateUnitPayload) => Promise<{ success: true; unit: Unit; error?: undefined; } | { success: false; error: string; unit?: undefined; }>; creating: boolean; }': create, creating
src/pages/__tests__/UnitsPage.test.tsx(51,36): error TS2345: Argument of type '{ data: never[]; loading: false; error: string; }' is not assignable to parameter of type '{ data: Unit[]; loading: boolean; error: string; create: (payload: CreateUnitPayload) => Promise<{ success: true; unit: Unit; error?: undefined; } | { success: false; error: string; unit?: undefined; }>; creating: boolean; }'.
  Type '{ data: never[]; loading: false; error: string; }' is missing the following properties from type '{ data: Unit[]; loading: boolean; error: string; create: (payload: CreateUnitPayload) => Promise<{ success: true; unit: Unit; error?: undefined; } | { success: false; error: string; unit?: undefined; }>; creating: boolean; }': create, creating
src/pages/__tests__/UnitsPage.test.tsx(61,36): error TS2345: Argument of type '{ data: { id: string; farm: string; species: string; name: string; capacity: number; }[]; loading: false; error: string; }' is not assignable to parameter of type '{ data: Unit[]; loading: boolean; error: string; create: (payload: CreateUnitPayload) => Promise<{ success: true; unit: Unit; error?: undefined; } | { success: false; error: string; unit?: undefined; }>; creating: boolean; }'.
  Type '{ data: { id: string; farm: string; species: string; name: string; capacity: number; }[]; loading: false; error: string; }' is missing the following properties from type '{ data: Unit[]; loading: boolean; error: string; create: (payload: CreateUnitPayload) => Promise<{ success: true; unit: Unit; error?: undefined; } | { success: false; error: string; unit?: undefined; }>; creating: boolean; }': create, creating
src/pages/__tests__/UnitsPage.test.tsx(88,36): error TS2345: Argument of type '{ data: { id: string; farm: string; species: string; name: string; capacity: number; }[]; loading: false; error: string; }' is not assignable to parameter of type '{ data: Unit[]; loading: boolean; error: string; create: (payload: CreateUnitPayload) => Promise<{ success: true; unit: Unit; error?: undefined; } | { success: false; error: string; unit?: undefined; }>; creating: boolean; }'.
  Type '{ data: { id: string; farm: string; species: string; name: string; capacity: number; }[]; loading: false; error: string; }' is missing the following properties from type '{ data: Unit[]; loading: boolean; error: string; create: (payload: CreateUnitPayload) => Promise<{ success: true; unit: Unit; error?: undefined; } | { success: false; error: string; unit?: undefined; }>; creating: boolean; }': create, creating
